[1] CPU stress on host1
status=started
[2] Log error on host2
